요청 목록 가져오기...
{"success":true,"requests":[],"count":0}새 요청 생성 (영문)...
{"success":true,"requestId":"91bb8fc3-90f3-4ad2-b38c-2a43280b2533","taskCount":2,"progressTable":"| # | ID | 작업 제목 | 상태 | 승인 |\\n|---|----|-----------|------|------|\\n| 1 | 811ea1d0 | Requirements Analysis | ⏳ 대기 중 | ✗ |\\n| 2 | 02d0e0d0 | Design Draft | ⏳ 대기 중 | ✗ |\\n"}새 요청 생성 (한글)...
{"success":true,"requestId":"61ec2caa-8e1c-4d5d-a3b9-93807b27f374","taskCount":2,"progressTable":"| # | ID | 작업 제목 | 상태 | 승인 |\\n|---|----|-----------|------|------|\\n| 1 | 803edea3 | 한글 요구사항 분석 | ⏳ 대기 중 | ✗ |\\n| 2 | e866a408 | 한글 디자인 시안 작성 | ⏳ 대기 중 | ✗ |\\n"}요청 목록 다시 확인...
{"success":true,"requests":[{"id":"91bb8fc3-90f3-4ad2-b38c-2a43280b2533","originalRequest":"Web Application Development Project Plan","status":"PENDING","createdAt":"2025-05-07T16:12:27.193681","updatedAt":"2025-05-07T16:12:27.193681","totalTasks":2,"doneTasks":0,"approvedTasks":0},{"id":"61ec2caa-8e1c-4d5d-a3b9-93807b27f374","originalRequest":"한글 웹 애플리케이션 개발 프로젝트 계획","status":"PENDING","createdAt":"2025-05-07T16:12:27.202494","updatedAt":"2025-05-07T16:12:27.202494","totalTasks":2,"doneTasks":0,"approvedTasks":0}],"count":2}